2026-04-11 11:15:15,600 [INFO] Activator:176 - 


2026-04-11 11:15:15,608 [INFO] Activator:177 - !SESSION log4j initialized
2026-04-11 11:15:23,939 [INFO] LogOutputStream:77 - [STDOUT_REDIRECT] 
2026-04-11 11:15:24,908 [ERROR] LogOutputStream:75 - [STDERR_REDIRECT] 
2026-04-11 11:15:28,999 [INFO] LogOutputStream:77 - [STDOUT_REDIRECT] 
2026-04-11 11:15:30,472 [INFO] ApplicationProperties:184 - Using Application install path: /Applications/STM32CubeIDE.app/Contents/Eclipse/plugins/com.st.stm32cube.common.mx_6.15.0.202507011659
2026-04-11 11:15:30,501 [INFO] DbMcusXml:78 - Set database path to: /Applications/STM32CubeIDE.app/Contents/Eclipse/plugins/com.st.stm32cube.common.mx_6.15.0.202507011659//db//mcu/
2026-04-11 11:15:30,502 [INFO] ApiDb:274 - Set plugin database path to: /Applications/STM32CubeIDE.app/Contents/Eclipse/plugins/com.st.stm32cube.common.mx_6.15.0.202507011659//db//plugins/boardmanager/
2026-04-11 11:15:30,502 [WARN] ApiDb:259 - Overriding images path with different value:  => /Applications/STM32CubeIDE.app/Contents/Eclipse/plugins/com.st.stm32cube.common.mx_6.15.0.202507011659//db//plugins/mcufinder/images/
2026-04-11 11:15:30,512 [INFO] ApiDb:250 - Set database path to: /Users/karthikkurapati/.stmcufinder/plugins/mcufinder//mcu/
2026-04-11 11:15:30,514 [INFO] DbMcusAds:125 - Set database path to: /Users/karthikkurapati/.stmcufinder/plugins/mcufinder//mcu/
2026-04-11 11:15:30,517 [INFO] CrossReferenceDbSqlite:203 - Set database path to: /Users/karthikkurapati/.stmcufinder/plugins/mcufinder//mcu/cs/
2026-04-11 11:15:30,842 [INFO] RulesReader:64 - Compatibility file has been processed (317 Rules)
2026-04-11 11:15:30,940 [INFO] DbMcusXml:78 - Set database path to: /Applications/STM32CubeIDE.app/Contents/Eclipse/plugins/com.st.stm32cube.common.mx_6.15.0.202507011659//db//mcu/
2026-04-11 11:15:30,940 [INFO] ApiDb:274 - Set plugin database path to: /Applications/STM32CubeIDE.app/Contents/Eclipse/plugins/com.st.stm32cube.common.mx_6.15.0.202507011659//db//plugins/boardmanager/
2026-04-11 11:15:30,941 [INFO] ApiDb:261 - Set plugin images path to: /Applications/STM32CubeIDE.app/Contents/Eclipse/plugins/com.st.stm32cube.common.mx_6.15.0.202507011659//db//plugins/mcufinder/images/
2026-04-11 11:15:30,942 [WARN] DbFile:41 - Overriding database path with different value: /Users/karthikkurapati/.stmcufinder/plugins/mcufinder/ => /Users/karthikkurapati/.stmcufinder/plugins/mcufinder
2026-04-11 11:15:30,942 [INFO] ApiDb:250 - Set database path to: /Users/karthikkurapati/.stmcufinder/plugins/mcufinder//mcu/
2026-04-11 11:15:30,942 [WARN] DbFile:41 - Overriding database path with different value: /Users/karthikkurapati/.stmcufinder/plugins/mcufinder/ => /Users/karthikkurapati/.stmcufinder/plugins/mcufinder
2026-04-11 11:15:30,942 [INFO] DbMcusAds:125 - Set database path to: /Users/karthikkurapati/.stmcufinder/plugins/mcufinder//mcu/
2026-04-11 11:15:30,942 [WARN] DbFile:41 - Overriding database path with different value: /Users/karthikkurapati/.stmcufinder/plugins/mcufinder/ => /Users/karthikkurapati/.stmcufinder/plugins/mcufinder
2026-04-11 11:15:30,943 [WARN] DbFile:41 - Overriding database path with different value: /Users/karthikkurapati/.stmcufinder/plugins/mcufinder/ => /Users/karthikkurapati/.stmcufinder/plugins/mcufinder
2026-04-11 11:15:30,943 [INFO] CrossReferenceDbSqlite:203 - Set database path to: /Users/karthikkurapati/.stmcufinder/plugins/mcufinder//mcu/cs/
2026-04-11 11:15:31,105 [INFO] MainPanel:274 - HeapMemory: 317718528
2026-04-11 11:15:31,677 [INFO] DbMcusXml:78 - Set database path to: /Applications/STM32CubeIDE.app/Contents/Eclipse/plugins/com.st.stm32cube.common.mx_6.15.0.202507011659//db//mcu/
2026-04-11 11:15:31,677 [INFO] ApiDb:274 - Set plugin database path to: /Applications/STM32CubeIDE.app/Contents/Eclipse/plugins/com.st.stm32cube.common.mx_6.15.0.202507011659//db//plugins/boardmanager/
2026-04-11 11:15:31,677 [INFO] ApiDb:261 - Set plugin images path to: /Applications/STM32CubeIDE.app/Contents/Eclipse/plugins/com.st.stm32cube.common.mx_6.15.0.202507011659//db//plugins/mcufinder/images/
2026-04-11 11:15:31,678 [WARN] DbFile:41 - Overriding database path with different value: /Users/karthikkurapati/.stmcufinder/plugins/mcufinder/ => /Users/karthikkurapati/.stmcufinder/plugins/mcufinder
2026-04-11 11:15:31,678 [INFO] ApiDb:250 - Set database path to: /Users/karthikkurapati/.stmcufinder/plugins/mcufinder//mcu/
2026-04-11 11:15:31,678 [WARN] DbFile:41 - Overriding database path with different value: /Users/karthikkurapati/.stmcufinder/plugins/mcufinder/ => /Users/karthikkurapati/.stmcufinder/plugins/mcufinder
2026-04-11 11:15:31,678 [INFO] DbMcusAds:125 - Set database path to: /Users/karthikkurapati/.stmcufinder/plugins/mcufinder//mcu/
2026-04-11 11:15:31,678 [WARN] DbFile:41 - Overriding database path with different value: /Users/karthikkurapati/.stmcufinder/plugins/mcufinder/ => /Users/karthikkurapati/.stmcufinder/plugins/mcufinder
2026-04-11 11:15:31,678 [WARN] DbFile:41 - Overriding database path with different value: /Users/karthikkurapati/.stmcufinder/plugins/mcufinder/ => /Users/karthikkurapati/.stmcufinder/plugins/mcufinder
2026-04-11 11:15:31,679 [INFO] CrossReferenceDbSqlite:203 - Set database path to: /Users/karthikkurapati/.stmcufinder/plugins/mcufinder//mcu/cs/
2026-04-11 11:15:31,710 [INFO] ApplicationProperties:184 - Using Application install path: /Applications/STM32CubeIDE.app/Contents/Eclipse/plugins/com.st.stm32cube.common.mx_6.15.0.202507011659
2026-04-11 11:15:31,712 [INFO] PluginManage:196 - Search for loadable plugins [exclusion list=, ]
2026-04-11 11:15:31,714 [INFO] PluginManage:310 - Check plugin analytics
2026-04-11 11:15:32,006 [INFO] AnalyticsPlugin:253 - Accepted Software Licenses: 
2026-04-11 11:15:32,007 [INFO] AnalyticsPlugin:255 - Accepted CMSIS Pack Licenses: 
2026-04-11 11:15:32,007 [INFO] AnalyticsPlugin:257 - Accepted Firmware Licenses: FW.L4.1.18.0
2026-04-11 11:15:32,017 [INFO] PluginManage:359 - Loaded plugin analytics (category:tool,tabindex:-1)
2026-04-11 11:15:32,019 [INFO] PluginManage:310 - Check plugin cadmodel
2026-04-11 11:15:32,037 [INFO] CADModel:105 - Init CAD model plugin
2026-04-11 11:15:32,037 [INFO] PluginManage:359 - Loaded plugin cadmodel (category:power,tabindex:5)
2026-04-11 11:15:32,037 [INFO] PluginManage:310 - Check plugin clock
2026-04-11 11:15:32,059 [INFO] PluginManage:359 - Loaded plugin clock (category:base,tabindex:2)
2026-04-11 11:15:32,059 [INFO] PluginManage:310 - Check plugin ddr
2026-04-11 11:15:32,062 [INFO] PluginManage:359 - Loaded plugin ddr (category:tool,tabindex:6)
2026-04-11 11:15:32,062 [INFO] PluginManage:310 - Check plugin filemanager
2026-04-11 11:15:32,346 [INFO] PluginManage:359 - Loaded plugin filemanager (category:base,tabindex:10)
2026-04-11 11:15:32,346 [INFO] PluginManage:310 - Check plugin ipmanager
2026-04-11 11:15:32,357 [INFO] PluginManage:359 - Loaded plugin ipmanager (category:base,tabindex:5)
2026-04-11 11:15:32,357 [INFO] PluginManage:310 - Check plugin lpbam
2026-04-11 11:15:32,371 [INFO] PluginManage:359 - Loaded plugin lpbam (category:base,tabindex:0)
2026-04-11 11:15:32,371 [INFO] PluginManage:310 - Check plugin memorymap
2026-04-11 11:15:32,388 [INFO] PluginManage:359 - Loaded plugin memorymap (category:base,tabindex:4)
2026-04-11 11:15:32,388 [INFO] PluginManage:310 - Check plugin pinoutandconfiguration
2026-04-11 11:15:32,398 [INFO] PluginManage:359 - Loaded plugin pinoutandconfiguration (category:base,tabindex:1)
2026-04-11 11:15:32,398 [INFO] PluginManage:310 - Check plugin pinoutconfig
2026-04-11 11:15:32,536 [WARN] SupportedApi:132 - Cannot load RTOS API schema: s4s-elt-must-match.1: The content of 'definitions' must match (annotation?, (simpleType | complexType)?, (unique | key | keyref)*)). A problem was found starting at: attribute.
2026-04-11 11:15:32,777 [INFO] PluginManage:359 - Loaded plugin pinoutconfig (category:base,tabindex:0)
2026-04-11 11:15:32,777 [INFO] PluginManage:310 - Check plugin power
2026-04-11 11:15:32,793 [INFO] PluginManage:359 - Loaded plugin power (category:power,tabindex:4)
2026-04-11 11:15:32,794 [INFO] PluginManage:310 - Check plugin projectmanager
2026-04-11 11:15:32,835 [INFO] PluginManage:359 - Loaded plugin projectmanager (category:projectmanager,tabindex:4)
2026-04-11 11:15:32,835 [INFO] PluginManage:310 - Check plugin rif
2026-04-11 11:15:32,849 [INFO] PluginManage:359 - Loaded plugin rif (category:base,tabindex:3)
2026-04-11 11:15:32,850 [INFO] PluginManage:310 - Check plugin thirdparty
2026-04-11 11:15:33,089 [INFO] PluginManage:359 - Loaded plugin thirdparty (category:base,tabindex:-1)
2026-04-11 11:15:33,090 [INFO] PluginManage:310 - Check plugin tools
2026-04-11 11:15:33,088 [WARN] IntegrityCheckThread:84 - waiting for thirdparty lock release [integrity check]
2026-04-11 11:15:33,094 [INFO] IntegrityCheckThread:86 - entering critical section [integrity check]
2026-04-11 11:15:33,094 [INFO] ThirdPartyUpdaterWithRetryManager:70 - Updater plugin not ready yet. [1/15]
2026-04-11 11:15:33,096 [INFO] PluginManage:359 - Loaded plugin tools (category:base,tabindex:7)
2026-04-11 11:15:33,096 [INFO] PluginManage:310 - Check plugin tutovideos
2026-04-11 11:15:33,398 [INFO] PluginManage:359 - Loaded plugin tutovideos (category:base,tabindex:-1)
2026-04-11 11:15:33,399 [INFO] PluginManage:310 - Check plugin updater
2026-04-11 11:15:33,449 [INFO] PluginManage:359 - Loaded plugin updater (category:base,tabindex:12)
2026-04-11 11:15:33,449 [INFO] PluginManage:310 - Check plugin userauth
2026-04-11 11:15:33,455 [INFO] UserAuth:118 - Init User Auth plugin
2026-04-11 11:15:33,458 [INFO] PluginManage:359 - Loaded plugin userauth (category:base,tabindex:14)
2026-04-11 11:15:33,460 [INFO] PluginManage:283 - PluginManage : Loaded plugins [18]
2026-04-11 11:15:33,836 [INFO] PinOutPanel:1589 - setPackage(No Configuration,No Configuration)
2026-04-11 11:15:33,948 [INFO] CADModel:165 - CPN selected for project level
2026-04-11 11:15:33,948 [INFO] CADModel:114 - Register for checkConnection events
2026-04-11 11:15:33,965 [INFO] IPUIPlugin:80 - create IPUIPlugin
2026-04-11 11:15:33,965 [INFO] PluginManager:220 - loadIPPluginJar : add mdma
2026-04-11 11:15:33,973 [INFO] IPUIPlugin:80 - create IPUIPlugin
2026-04-11 11:15:33,973 [INFO] PluginManager:220 - loadIPPluginJar : add freertos
2026-04-11 11:15:33,979 [INFO] IPUIPlugin:80 - create IPUIPlugin
2026-04-11 11:15:33,979 [INFO] PluginManager:220 - loadIPPluginJar : add gic
2026-04-11 11:15:33,990 [INFO] IPUIPlugin:80 - create IPUIPlugin
2026-04-11 11:15:33,991 [INFO] PluginManager:220 - loadIPPluginJar : add adc
2026-04-11 11:15:33,993 [INFO] IPUIPlugin:80 - create IPUIPlugin
2026-04-11 11:15:33,993 [INFO] PluginManager:220 - loadIPPluginJar : add gtzc
2026-04-11 11:15:33,994 [INFO] IPUIPlugin:80 - create IPUIPlugin
2026-04-11 11:15:33,995 [INFO] PluginManager:220 - loadIPPluginJar : add quadspi
2026-04-11 11:15:33,997 [INFO] IPUIPlugin:80 - create IPUIPlugin
2026-04-11 11:15:33,997 [INFO] PluginManager:220 - loadIPPluginJar : add aes
2026-04-11 11:15:33,999 [INFO] IPUIPlugin:80 - create IPUIPlugin
2026-04-11 11:15:34,000 [INFO] PluginManager:220 - loadIPPluginJar : add pdm2pcm
2026-04-11 11:15:34,002 [INFO] IPUIPlugin:80 - create IPUIPlugin
2026-04-11 11:15:34,002 [INFO] PluginManager:220 - loadIPPluginJar : add hash
2026-04-11 11:15:34,004 [INFO] IPUIPlugin:80 - create IPUIPlugin
2026-04-11 11:15:34,004 [INFO] PluginManager:220 - loadIPPluginJar : add tim
2026-04-11 11:15:34,006 [INFO] IPUIPlugin:80 - create IPUIPlugin
2026-04-11 11:15:34,006 [INFO] PluginManager:220 - loadIPPluginJar : add tsc
2026-04-11 11:15:34,009 [INFO] IPUIPlugin:80 - create IPUIPlugin
2026-04-11 11:15:34,009 [INFO] PluginManager:220 - loadIPPluginJar : add extmemmanager
2026-04-11 11:15:34,011 [INFO] IPUIPlugin:80 - create IPUIPlugin
2026-04-11 11:15:34,012 [INFO] PluginManager:220 - loadIPPluginJar : add ts
2026-04-11 11:15:34,013 [INFO] IPUIPlugin:80 - create IPUIPlugin
2026-04-11 11:15:34,014 [INFO] PluginManager:220 - loadIPPluginJar : add radio
2026-04-11 11:15:34,016 [INFO] IPUIPlugin:80 - create IPUIPlugin
2026-04-11 11:15:34,016 [INFO] PluginManager:220 - loadIPPluginJar : add can
2026-04-11 11:15:34,018 [INFO] IPUIPlugin:80 - create IPUIPlugin
2026-04-11 11:15:34,018 [INFO] PluginManager:220 - loadIPPluginJar : add dma3
2026-04-11 11:15:34,020 [INFO] IPUIPlugin:80 - create IPUIPlugin
2026-04-11 11:15:34,021 [INFO] PluginManager:220 - loadIPPluginJar : add dfsdm
2026-04-11 11:15:34,022 [INFO] IPUIPlugin:80 - create IPUIPlugin
2026-04-11 11:15:34,022 [INFO] PluginManager:220 - loadIPPluginJar : add spi
2026-04-11 11:15:34,024 [INFO] IPUIPlugin:80 - create IPUIPlugin
2026-04-11 11:15:34,024 [INFO] PluginManager:220 - loadIPPluginJar : add gfxmmu
2026-04-11 11:15:34,026 [INFO] IPUIPlugin:80 - create IPUIPlugin
2026-04-11 11:15:34,026 [INFO] PluginManager:220 - loadIPPluginJar : add genericplugin
2026-04-11 11:15:34,028 [INFO] IPUIPlugin:80 - create IPUIPlugin
2026-04-11 11:15:34,029 [INFO] PluginManager:220 - loadIPPluginJar : add cryp
2026-04-11 11:15:34,033 [INFO] IPUIPlugin:80 - create IPUIPlugin
2026-04-11 11:15:34,034 [INFO] PluginManager:220 - loadIPPluginJar : add gpio
2026-04-11 11:15:34,037 [INFO] IPUIPlugin:80 - create IPUIPlugin
2026-04-11 11:15:34,038 [INFO] PluginManager:220 - loadIPPluginJar : add ddr_ctrl_phy
2026-04-11 11:15:34,041 [INFO] IPUIPlugin:80 - create IPUIPlugin
2026-04-11 11:15:34,042 [INFO] PluginManager:220 - loadIPPluginJar : add comp
2026-04-11 11:15:34,046 [INFO] IPUIPlugin:80 - create IPUIPlugin
2026-04-11 11:15:34,047 [INFO] PluginManager:220 - loadIPPluginJar : add tracer_emb
2026-04-11 11:15:34,050 [INFO] IPUIPlugin:80 - create IPUIPlugin
2026-04-11 11:15:34,050 [INFO] PluginManager:220 - loadIPPluginJar : add openamp
2026-04-11 11:15:34,056 [INFO] IPUIPlugin:80 - create IPUIPlugin
2026-04-11 11:15:34,056 [INFO] PluginManager:220 - loadIPPluginJar : add stm32_wpan
2026-04-11 11:15:34,061 [INFO] IPUIPlugin:80 - create IPUIPlugin
2026-04-11 11:15:34,065 [INFO] PluginManager:220 - loadIPPluginJar : add plateformsettings
2026-04-11 11:15:34,070 [INFO] IPUIPlugin:80 - create IPUIPlugin
2026-04-11 11:15:34,071 [INFO] PluginManager:220 - loadIPPluginJar : add ipddr
2026-04-11 11:15:34,073 [INFO] IPUIPlugin:80 - create IPUIPlugin
2026-04-11 11:15:34,073 [INFO] PluginManager:220 - loadIPPluginJar : add usart
2026-04-11 11:15:34,074 [INFO] IPUIPlugin:80 - create IPUIPlugin
2026-04-11 11:15:34,074 [INFO] PluginManager:220 - loadIPPluginJar : add ltdc
2026-04-11 11:15:34,077 [INFO] IPUIPlugin:80 - create IPUIPlugin
2026-04-11 11:15:34,077 [INFO] PluginManager:220 - loadIPPluginJar : add nvic
2026-04-11 11:15:34,079 [INFO] IPUIPlugin:80 - create IPUIPlugin
2026-04-11 11:15:34,079 [INFO] PluginManager:220 - loadIPPluginJar : add fatfs
2026-04-11 11:15:34,086 [INFO] IPUIPlugin:80 - create IPUIPlugin
2026-04-11 11:15:34,087 [INFO] PluginManager:220 - loadIPPluginJar : add linkedlist
2026-04-11 11:15:34,093 [INFO] IPUIPlugin:80 - create IPUIPlugin
2026-04-11 11:15:34,093 [INFO] PluginManager:220 - loadIPPluginJar : add dma
2026-04-11 11:15:34,097 [INFO] IPUIPlugin:80 - create IPUIPlugin
2026-04-11 11:15:34,097 [INFO] PluginManager:220 - loadIPPluginJar : add fmc
2026-04-11 11:15:34,099 [INFO] IPUIPlugin:80 - create IPUIPlugin
2026-04-11 11:15:34,099 [INFO] PluginManager:220 - loadIPPluginJar : add i2s
2026-04-11 11:15:34,103 [INFO] IPUIPlugin:80 - create IPUIPlugin
2026-04-11 11:15:34,103 [INFO] PluginManager:220 - loadIPPluginJar : add ucpd
2026-04-11 11:15:34,105 [INFO] IPUIPlugin:80 - create IPUIPlugin
2026-04-11 11:15:34,105 [INFO] PluginManager:220 - loadIPPluginJar : add lorawan
2026-04-11 11:15:34,108 [INFO] IPUIPlugin:80 - create IPUIPlugin
2026-04-11 11:15:34,108 [INFO] PluginManager:220 - loadIPPluginJar : add opamp
2026-04-11 11:15:34,110 [INFO] IPUIPlugin:80 - create IPUIPlugin
2026-04-11 11:15:34,110 [INFO] PluginManager:220 - loadIPPluginJar : add i3c
2026-04-11 11:15:34,113 [INFO] IPUIPlugin:80 - create IPUIPlugin
2026-04-11 11:15:34,113 [INFO] PluginManager:220 - loadIPPluginJar : add touchsensing
2026-04-11 11:15:34,116 [INFO] IPUIPlugin:80 - create IPUIPlugin
2026-04-11 11:15:34,117 [INFO] PluginManager:220 - loadIPPluginJar : add i2c
2026-04-11 11:15:34,121 [INFO] IPUIPlugin:80 - create IPUIPlugin
2026-04-11 11:15:34,121 [INFO] PluginManager:220 - loadIPPluginJar : add resmgrutility
2026-04-11 11:15:34,125 [INFO] IPUIPlugin:80 - create IPUIPlugin
2026-04-11 11:15:34,126 [INFO] PluginManager:220 - loadIPPluginJar : add sai
2026-04-11 11:15:34,130 [INFO] IPUIPlugin:80 - create IPUIPlugin
2026-04-11 11:15:34,130 [INFO] PluginManager:220 - loadIPPluginJar : add usbx
2026-04-11 11:15:34,281 [FATAL] Updater:351 - Updater called before beeing initialized
2026-04-11 11:15:34,354 [INFO] RulesReader:64 - Compatibility file has been processed (317 Rules)
2026-04-11 11:15:34,377 [INFO] RulesReader:64 - Compatibility file has been processed (317 Rules)
2026-04-11 11:15:34,391 [INFO] CADModel:165 - CPN selected for project level
2026-04-11 11:15:34,391 [INFO] CADModel:114 - Register for checkConnection events
2026-04-11 11:15:34,391 [FATAL] Updater:351 - Updater called before beeing initialized
2026-04-11 11:15:34,391 [ERROR] CADModel:125 - Updater not yet initialized, retry later 
2026-04-11 11:15:35,474 [FATAL] Updater:351 - Updater called before beeing initialized
2026-04-11 11:15:35,493 [INFO] CADModel:165 - CPN selected for project level
2026-04-11 11:15:35,495 [INFO] CADModel:114 - Register for checkConnection events
2026-04-11 11:15:35,496 [FATAL] Updater:351 - Updater called before beeing initialized
2026-04-11 11:15:35,496 [ERROR] CADModel:125 - Updater not yet initialized, retry later 
2026-04-11 11:15:35,503 [FATAL] Updater:351 - Updater called before beeing initialized
2026-04-11 11:15:35,887 [FATAL] Updater:351 - Updater called before beeing initialized
2026-04-11 11:15:35,907 [INFO] DbMcusAds:53 - JSON generation date=Thu Mar 05 08:32:52 CST 2026 (1772721172890)
2026-04-11 11:15:35,908 [FATAL] Updater:351 - Updater called before beeing initialized
2026-04-11 11:15:36,100 [INFO] ThirdPartyUpdaterWithRetryManager:70 - Updater plugin not ready yet. [2/15]
2026-04-11 11:15:36,229 [WARN] DetailPanel:346 - Failed to get advertising image, set to default
2026-04-11 11:15:36,359 [FATAL] Updater:351 - Updater called before beeing initialized
2026-04-11 11:15:36,363 [FATAL] Updater:351 - Updater called before beeing initialized
2026-04-11 11:15:36,363 [FATAL] Updater:351 - Updater called before beeing initialized
2026-04-11 11:15:36,364 [WARN] DetailPanel:346 - Failed to get advertising image, set to default
2026-04-11 11:15:36,366 [FATAL] Updater:351 - Updater called before beeing initialized
2026-04-11 11:15:36,479 [ERROR] Updater:1198 - MainUpdater not yet initialized. External WinMGr cannot be set.
2026-04-11 11:15:36,497 [INFO] Updater:1134 - Updater Version found : 6.15.0
2026-04-11 11:15:36,522 [INFO] ApplicationProperties:184 - Using Application install path: /Applications/STM32CubeIDE.app/Contents/Eclipse/plugins/com.st.stm32cube.common.mx_6.15.0.202507011659
2026-04-11 11:15:37,114 [INFO] MainUpdater:2872 - connection check result : 10
2026-04-11 11:15:37,114 [INFO] MainUpdater:3604 - Updater definition file requires update
2026-04-11 11:15:37,116 [INFO] MainUpdater:289 - Updater Check For Update Now.
2026-04-11 11:15:37,116 [INFO] MicroXplorer:498 - Change Database Version : DB.6.0.150
2026-04-11 11:15:37,132 [INFO] McuFinderGlobals:63 - Set McuFinder mode to 2 (CubeIDE integrated)
2026-04-11 11:15:37,135 [INFO] UserAuth:487 - Internet connection configuration mode: 1
2026-04-11 11:15:37,158 [INFO] JxBrowserEngine:152 - Initiate JxBrowser Engine with user profile folder
2026-04-11 11:15:37,160 [INFO] ServerAccessManage:452 - Complete download http(s) 200
2026-04-11 11:15:37,168 [INFO] ServerAccessManage:509 - Download File updaters.zip
2026-04-11 11:15:37,348 [INFO] FileExtend:248 - Unzip File : updaters.zip
2026-04-11 11:15:37,349 [INFO] FileExtend:263 - Standard Zip Deflate
2026-04-11 11:15:37,640 [INFO] ServerAccessManage:452 - Complete download http(s) 200
2026-04-11 11:15:37,642 [INFO] ServerAccessManage:509 - Download File PacksControlFlags.xml
2026-04-11 11:15:37,771 [INFO] ServerAccessManage:452 - Complete download http(s) 200
2026-04-11 11:15:37,772 [INFO] ServerAccessManage:509 - Download File cubemx.pidx
2026-04-11 11:15:39,107 [WARN] MainUpdater:1193 - Updater busy. Cannot search thirdparties
2026-04-11 11:15:39,108 [INFO] ThirdPartyUpdaterWithRetryManager:96 - Updater plugin is busy. [1/15]
2026-04-11 11:15:39,849 [INFO] ServerAccessManage:452 - Complete download http(s) 200
2026-04-11 11:15:39,849 [INFO] ServerAccessManage:509 - Download File STMicroelectronics.X-CUBE-WB05N.pdsc
2026-04-11 11:15:40,342 [INFO] ServerAccessManage:452 - Complete download http(s) 200
2026-04-11 11:15:40,343 [INFO] ServerAccessManage:509 - Download File STMicroelectronics.eDS-WB_DPC_VIENNA.pdsc
2026-04-11 11:15:41,456 [ERROR] ServerAccessManage:1212 - Problem, file not found on Server
2026-04-11 11:15:41,754 [ERROR] ServerAccessManage:1212 - Problem, file not found on Server
2026-04-11 11:15:42,058 [ERROR] ServerAccessManage:1212 - Problem, file not found on Server
2026-04-11 11:15:42,114 [WARN] MainUpdater:1193 - Updater busy. Cannot search thirdparties
2026-04-11 11:15:42,114 [INFO] ThirdPartyUpdaterWithRetryManager:96 - Updater plugin is busy. [2/15]
2026-04-11 11:15:42,364 [ERROR] ServerAccessManage:1212 - Problem, file not found on Server
2026-04-11 11:15:42,684 [ERROR] ServerAccessManage:1212 - Problem, file not found on Server
2026-04-11 11:15:43,290 [INFO] ServerAccessManage:452 - Complete download http(s) 200
2026-04-11 11:15:43,297 [INFO] ServerAccessManage:509 - Download File STMicroelectronics.eDS-WB_DPC_TT-BIDIR.pdsc
2026-04-11 11:15:43,622 [ERROR] ServerAccessManage:1212 - Problem, file not found on Server
2026-04-11 11:15:43,874 [ERROR] ServerAccessManage:1212 - Problem, file not found on Server
2026-04-11 11:15:44,212 [ERROR] ServerAccessManage:1212 - Problem, file not found on Server
2026-04-11 11:15:44,355 [ERROR] ServerAccessManage:1212 - Problem, file not found on Server
2026-04-11 11:15:44,869 [INFO] ServerAccessManage:452 - Complete download http(s) 200
2026-04-11 11:15:44,871 [INFO] ServerAccessManage:509 - Download File STMicroelectronics.eDS-WB_DPC_3PH2L-BIDIR.pdsc
2026-04-11 11:15:45,136 [WARN] MainUpdater:1193 - Updater busy. Cannot search thirdparties
2026-04-11 11:15:45,138 [INFO] ThirdPartyUpdaterWithRetryManager:96 - Updater plugin is busy. [3/15]
2026-04-11 11:15:45,233 [ERROR] ServerAccessManage:1212 - Problem, file not found on Server
2026-04-11 11:15:46,921 [INFO] WebApp:169 - Instantiating new browser for Auth
2026-04-11 11:15:47,217 [WARN] PackLoader:240 - Cannot read IP mode file for STMicroelectronics.X-CUBE-WB05N.2.1.0
2026-04-11 11:15:47,359 [WARN] PackLoader:240 - Cannot read IP mode file for STMicroelectronics.eDS-WB_DPC_VIENNA.1.2.0
2026-04-11 11:15:47,368 [WARN] PackLoader:240 - Cannot read IP mode file for STMicroelectronics.eDS-WB_DPC_TT-BIDIR.2.1.1
2026-04-11 11:15:47,375 [WARN] PackLoader:240 - Cannot read IP mode file for STMicroelectronics.eDS-WB_DPC_3PH2L-BIDIR.1.1.1
2026-04-11 11:15:47,376 [INFO] PopulateThirdPartyThread:66 - Ending populate Thread
2026-04-11 11:15:47,381 [INFO] ThirdParty:1030 - CMSIS Pack Vendor :STMicroelectronics eDS-WB_DPC_TT-BIDIR 2.1.1
2026-04-11 11:15:47,382 [INFO] ThirdParty:1030 - CMSIS Pack Vendor :STMicroelectronics eDS-WB_DPC_VIENNA 1.2.0
2026-04-11 11:15:47,382 [INFO] ThirdParty:1030 - CMSIS Pack Vendor :STMicroelectronics eDS-WB_DPC_3PH2L-BIDIR 1.1.1
2026-04-11 11:15:47,382 [INFO] ThirdParty:1030 - CMSIS Pack Vendor :STMicroelectronics X-CUBE-WB05N 2.1.0
2026-04-11 11:15:47,383 [INFO] LoadServerUpdatesThread:375 - End of LoadServerUpdate Thread
2026-04-11 11:15:47,574 [INFO] CheckServerUpdateThread:120 - End of CheckServer Thread
2026-04-11 11:15:48,589 [WARN] PackLoader:240 - Cannot read IP mode file for STMicroelectronics.X-CUBE-AZRTOS-H7.3.5.0
2026-04-11 11:15:48,673 [WARN] PackLoader:240 - Cannot read IP mode file for STMicroelectronics.FP-SNS-MOTENVWB1.1.4.0
2026-04-11 11:15:48,694 [WARN] PackLoader:240 - Cannot read IP mode file for STMicroelectronics.FP-ATR-ASTRA1.2.0.2
2026-04-11 11:15:48,708 [WARN] PackLoader:240 - Cannot read IP mode file for STMicroelectronics.X-CUBE-SMBUS.2.1.0
2026-04-11 11:15:48,720 [WARN] PackLoader:240 - Cannot read IP mode file for STMicroelectronics.X-CUBE-ST60.1.0.0
2026-04-11 11:15:48,880 [WARN] PackLoader:240 - Cannot read IP mode file for STMicroelectronics.X-CUBE-AZRTOS-F7.1.1.0
2026-04-11 11:15:48,925 [WARN] PackLoader:240 - Cannot read IP mode file for STMicroelectronics.FP-SNS-MOTENV1.5.1.0
2026-04-11 11:15:48,994 [WARN] PackLoader:240 - Cannot read IP mode file for WES.I-CUBE-Cesium.1.4.0
2026-04-11 11:15:49,200 [WARN] PackLoader:240 - Cannot read IP mode file for Infineon.AIROC-Wi-Fi-Bluetooth-STM32.1.7.1
2026-04-11 11:15:49,360 [WARN] PackLoader:240 - Cannot read IP mode file for STMicroelectronics.X-CUBE-AZRTOS-H7.3.4.0
2026-04-11 11:15:49,418 [WARN] PackLoader:240 - Cannot read IP mode file for STMicroelectronics.X-CUBE-DISPLAY.3.0.0
2026-04-11 11:15:49,442 [WARN] PackLoader:240 - Cannot read IP mode file for STMicroelectronics.FP-SNS-MOTENVWB1.1.5.0
2026-04-11 11:15:49,466 [WARN] PackLoader:240 - Cannot read IP mode file for STMicroelectronics.X-CUBE-NFC10.1.0.0
2026-04-11 11:15:49,491 [WARN] PackLoader:240 - Cannot read IP mode file for STMicroelectronics.X-CUBE-ST60.1.1.0
2026-04-11 11:15:49,497 [INFO] WebApp:463 - Apply proxy settings
2026-04-11 11:15:49,525 [INFO] WebApp:508 - Chromium authenticates against Manually configured proxy
2026-04-11 11:15:49,525 [WARN] PackLoader:240 - Cannot read IP mode file for emotas.I-CUBE-CANOPEN.1.3.0
2026-04-11 11:15:49,550 [WARN] PackLoader:240 - Cannot read IP mode file for STMicroelectronics.X-CUBE-GNSS1.7.1.0
2026-04-11 11:15:49,551 [INFO] WebApp:516 - Username used for proxy authentication: 
2026-04-11 11:15:49,568 [WARN] PackLoader:240 - Cannot read IP mode file for STMicroelectronics.FP-SNS-STBOX1.2.1.0
2026-04-11 11:15:49,598 [WARN] PackLoader:240 - Cannot read IP mode file for STMicroelectronics.FP-SNS-SMARTAG2.1.2.0
2026-04-11 11:15:49,610 [WARN] PackLoader:240 - Cannot read IP mode file for STMicroelectronics.FP-SNS-FLIGHT1.5.1.0
2026-04-11 11:15:49,634 [INFO] WebApp:900 - Register for checkConnection events
2026-04-11 11:15:49,635 [INFO] WebApp:463 - Apply proxy settings
2026-04-11 11:15:49,637 [INFO] LogOutputStream:77 - [STDOUT_REDIRECT] 1 : Invalid condition id : UX_CORESTACK_Condition cause : null
2026-04-11 11:15:49,643 [INFO] LogOutputStream:77 - [STDOUT_REDIRECT] 1 : Invalid condition id : UX_CORESTACK_Condition cause : null
2026-04-11 11:15:49,644 [INFO] LogOutputStream:77 - [STDOUT_REDIRECT] 1 : Invalid condition id : UX_CORESTACK_Condition cause : null
2026-04-11 11:15:49,644 [INFO] LogOutputStream:77 - [STDOUT_REDIRECT] 1 : Invalid condition id : UX_CORESTACK_Condition cause : null
2026-04-11 11:15:49,650 [INFO] LogOutputStream:77 - [STDOUT_REDIRECT] 1 : Invalid condition id : UX_CORESTACK_Condition cause : null
2026-04-11 11:15:49,651 [INFO] WebApp:508 - Chromium authenticates against Manually configured proxy
2026-04-11 11:15:49,652 [INFO] WebApp:516 - Username used for proxy authentication: 
2026-04-11 11:15:49,664 [WARN] PackLoader:240 - Cannot read IP mode file for STMicroelectronics.X-CUBE-AZRTOS-WL.2.0.0
2026-04-11 11:15:49,706 [WARN] PackLoader:240 - Cannot read IP mode file for STMicroelectronics.FP-SNS-MOTENV1.5.0.0
2026-04-11 11:15:49,852 [WARN] PackLoader:240 - Cannot read IP mode file for STMicroelectronics.X-CUBE-AZRTOS-H7RS.1.2.0
2026-04-11 11:15:49,881 [WARN] PackLoader:240 - Cannot read IP mode file for STMicroelectronics.X-CUBE-BLE2.3.3.0
2026-04-11 11:15:49,955 [WARN] PackLoader:240 - Cannot read IP mode file for STMicroelectronics.X-CUBE-NFC9.1.0.0
2026-04-11 11:15:49,968 [WARN] PackLoader:240 - Cannot read IP mode file for wolfSSL.I-CUBE-wolfSSL.5.8.2
2026-04-11 11:15:49,985 [WARN] PackLoader:240 - Cannot read IP mode file for STMicroelectronics.X-CUBE-BLE1.7.1.0
2026-04-11 11:15:50,009 [WARN] PackLoader:240 - Cannot read IP mode file for wolfSSL.I-CUBE-wolfMQTT.1.19.2
2026-04-11 11:15:50,035 [WARN] PackLoader:240 - Cannot read IP mode file for STMicroelectronics.X-CUBE-FREERTOS.1.4.0
2026-04-11 11:15:50,068 [WARN] PackLoader:240 - Cannot read IP mode file for STMicroelectronics.X-CUBE-EEPRMA1.5.2.0
2026-04-11 11:15:50,107 [WARN] PackLoader:240 - Cannot read IP mode file for STMicroelectronics.X-CUBE-ST67W61.1.1.0
2026-04-11 11:15:50,162 [INFO] WebApp:225 - Starting web application
2026-04-11 11:15:50,162 [INFO] WebApp:593 - Web application path used /Applications/STM32CubeIDE.app/Contents/Eclipse/plugins/com.st.stm32cube.common.mx_6.15.0.202507011659/db/plugins/mcufinder/reactClient1/index.html
2026-04-11 11:15:50,288 [WARN] PackLoader:240 - Cannot read IP mode file for STMicroelectronics.X-CUBE-MEMS1.12.0.0
2026-04-11 11:15:50,764 [WARN] PackLoader:240 - Cannot read IP mode file for STMicroelectronics.X-CUBE-AZRTOS-G0.1.1.0
2026-04-11 11:15:50,803 [WARN] PackLoader:240 - Cannot read IP mode file for STMicroelectronics.X-CUBE-SAFEA1.1.2.2
2026-04-11 11:15:50,841 [WARN] PackLoader:240 - Cannot read IP mode file for STMicroelectronics.X-CUBE-NFC4.3.0.0
2026-04-11 11:15:50,880 [WARN] PackLoader:240 - Cannot read IP mode file for EmbeddedOffice.I-CUBE-FS-RTOS.1.0.1
2026-04-11 11:15:50,898 [INFO] WebApp:191 - Connection restablished
2026-04-11 11:15:50,902 [WARN] PackLoader:240 - Cannot read IP mode file for STMicroelectronics.X-CUBE-WB05N.2.0.0
2026-04-11 11:15:50,928 [WARN] PackLoader:240 - Cannot read IP mode file for wolfSSL.I-CUBE-wolfTPM.3.8.0
2026-04-11 11:15:50,951 [WARN] PackLoader:240 - Cannot read IP mode file for STMicroelectronics.X-CUBE-TCPP.4.2.0
2026-04-11 11:15:50,977 [WARN] PackLoader:240 - Cannot read IP mode file for RealThread.X-CUBE-RT-Thread_Nano.4.1.1
2026-04-11 11:15:50,987 [WARN] PackLoader:240 - Cannot read IP mode file for STMicroelectronics.FP-ATR-SIGFOX1.3.2.0
2026-04-11 11:15:51,005 [WARN] PackLoader:240 - Cannot read IP mode file for STMicroelectronics.X-CUBE-FREERTOS.1.5.0
2026-04-11 11:15:51,023 [WARN] PackLoader:240 - Cannot read IP mode file for ITTIA_DB.I-CUBE-ITTIADB.8.9.0
2026-04-11 11:15:51,047 [WARN] PackLoader:240 - Cannot read IP mode file for STMicroelectronics.X-CUBE-NFC6.3.2.0
2026-04-11 11:15:51,074 [WARN] PackLoader:240 - Cannot read IP mode file for STMicroelectronics.X-CUBE-ST67W61.1.0.0
2026-04-11 11:15:51,094 [WARN] PackLoader:240 - Cannot read IP mode file for STMicroelectronics.X-CUBE-AI.10.2.0
2026-04-11 11:15:51,193 [WARN] PackLoader:240 - Cannot read IP mode file for SEGGER.I-CUBE-embOS.1.3.1
2026-04-11 11:15:51,283 [WARN] PackLoader:240 - Cannot read IP mode file for STMicroelectronics.X-CUBE-ALGOBUILD.1.4.0
2026-04-11 11:15:51,514 [WARN] PackLoader:240 - Cannot read IP mode file for STMicroelectronics.X-CUBE-MEMS1.11.3.0
2026-04-11 11:15:51,785 [WARN] PackLoader:240 - Cannot read IP mode file for STMicroelectronics.X-CUBE-PM33A1.1.0.0
2026-04-11 11:15:51,837 [WARN] PackLoader:240 - Cannot read IP mode file for STMicroelectronics.X-CUBE-AZRTOS-F4.1.1.0
2026-04-11 11:15:51,854 [WARN] PackLoader:240 - Cannot read IP mode file for Avnet-IotConnect.X-CUBE-IoTC-DA16k-PMOD.1.0.0
2026-04-11 11:15:51,863 [WARN] PackLoader:240 - Cannot read IP mode file for STMicroelectronics.X-CUBE-ISPU.2.1.0
2026-04-11 11:15:51,895 [WARN] PackLoader:240 - Cannot read IP mode file for STMicroelectronics.X-CUBE-IPS.3.2.0
2026-04-11 11:15:51,913 [WARN] PackLoader:240 - Cannot read IP mode file for STMicroelectronics.eDS-WB_DPC_TT-BIDIR.2.1.1
2026-04-11 11:15:51,932 [WARN] PackLoader:240 - Cannot read IP mode file for STMicroelectronics.X-CUBE-NFC12.1.0.0
2026-04-11 11:15:51,973 [WARN] PackLoader:240 - Cannot read IP mode file for STMicroelectronics.X-CUBE-AZRTOS-L5.2.0.0
2026-04-11 11:15:52,010 [WARN] PackLoader:240 - Cannot read IP mode file for STMicroelectronics.X-CUBE-NFC6.3.1.0
2026-04-11 11:15:52,025 [WARN] PackLoader:240 - Cannot read IP mode file for STMicroelectronics.eDS-WB_DPC_VIENNA.1.2.0
2026-04-11 11:15:52,031 [WARN] PackLoader:240 - Cannot read IP mode file for STMicroelectronics.eDS-WB_DPC_3PH2L-BIDIR.1.1.1
2026-04-11 11:15:52,043 [WARN] PackLoader:240 - Cannot read IP mode file for STMicroelectronics.X-CUBE-FREERTOS.1.3.1
2026-04-11 11:15:52,059 [WARN] PackLoader:240 - Cannot read IP mode file for STMicroelectronics.X-CUBE-TOUCHGFX.4.26.0
2026-04-11 11:15:52,062 [INFO] UserAuth:487 - Internet connection configuration mode: 1
2026-04-11 11:15:52,068 [WARN] PackLoader:240 - Cannot read IP mode file for STMicroelectronics.X-CUBE-TOUCHGFX.4.26.1
2026-04-11 11:15:52,097 [WARN] PackLoader:240 - Cannot read IP mode file for STMicroelectronics.FP-SNS-STAIOTCFT.1.0.0
2026-04-11 11:15:52,123 [WARN] PackLoader:240 - Cannot read IP mode file for STMicroelectronics.X-CUBE-DPower.1.3.0
2026-04-11 11:15:52,208 [WARN] ConditionMgr:438 - getConditionDescription Invalid condition id : LAN8742 Phy interface Condition cause : null
2026-04-11 11:15:52,216 [WARN] PackLoader:240 - Cannot read IP mode file for STMicroelectronics.X-CUBE-AZRTOS-L4.2.0.0
2026-04-11 11:15:52,230 [WARN] ConditionMgr:1044 - genDependencies : Invalid condition id : LAN8742 Phy interface Condition cause : null
2026-04-11 11:15:52,235 [WARN] ConditionMgr:1044 - genDependencies : Invalid condition id : LAN8742 Phy interface Condition cause : null
2026-04-11 11:15:52,240 [WARN] ConditionMgr:1044 - genDependencies : Invalid condition id : LAN8742 Phy interface Condition cause : null
2026-04-11 11:15:52,272 [WARN] PackLoader:240 - Cannot read IP mode file for STMicroelectronics.X-CUBE-SFXS2LP1.4.0.0
2026-04-11 11:15:52,301 [WARN] PackLoader:240 - Cannot read IP mode file for STMicroelectronics.X-CUBE-WB05N.2.1.0
2026-04-11 11:15:52,329 [WARN] PackLoader:240 - Cannot read IP mode file for STMicroelectronics.X-CUBE-ST67W61.1.2.0
2026-04-11 11:15:52,379 [WARN] PackLoader:240 - Cannot read IP mode file for STMicroelectronics.X-CUBE-BLEMGR.4.1.0
2026-04-11 11:15:52,419 [WARN] ConditionMgr:438 - getConditionDescription Invalid condition id : UX DEVICE CLASS RTOS Condition cause : null
2026-04-11 11:15:52,420 [WARN] ConditionMgr:438 - getConditionDescription Invalid condition id : UX DEVICE CLASS RTOS Condition cause : null
2026-04-11 11:15:52,431 [WARN] PackLoader:240 - Cannot read IP mode file for STMicroelectronics.X-CUBE-AZRTOS-WB.2.0.0
2026-04-11 11:15:52,434 [WARN] ConditionMgr:1044 - genDependencies : Invalid condition id : UX DEVICE CLASS RTOS Condition cause : null
2026-04-11 11:15:52,434 [WARN] ConditionMgr:1044 - genDependencies : Invalid condition id : UX DEVICE CLASS RTOS Condition cause : null
2026-04-11 11:15:52,435 [WARN] ConditionMgr:1044 - genDependencies : Invalid condition id : UX DEVICE CLASS RTOS Condition cause : null
2026-04-11 11:15:52,436 [WARN] ConditionMgr:1044 - genDependencies : Invalid condition id : UX DEVICE CLASS RTOS Condition cause : null
2026-04-11 11:15:52,436 [WARN] ConditionMgr:1044 - genDependencies : Invalid condition id : UX DEVICE CLASS RTOS Condition cause : null
2026-04-11 11:15:52,449 [WARN] PackLoader:240 - Cannot read IP mode file for STMicroelectronics.X-CUBE-GNSS1.7.0.1
2026-04-11 11:15:52,462 [WARN] PackLoader:240 - Cannot read IP mode file for STMicroelectronics.X-CUBE-TOUCHGFX.4.25.0
2026-04-11 11:15:52,481 [WARN] ConditionMgr:438 - getConditionDescription Invalid condition id : Cortex-A Device cause : null
2026-04-11 11:15:52,511 [WARN] ConditionMgr:1044 - genDependencies : Invalid condition id : Cortex-A Device cause : null
2026-04-11 11:15:52,512 [WARN] ConditionMgr:1044 - genDependencies : Invalid condition id : Cortex-A Device cause : null
2026-04-11 11:15:52,512 [WARN] ConditionMgr:1044 - genDependencies : Invalid condition id : Cortex-A Device cause : null
2026-04-11 11:15:52,611 [WARN] PackLoader:240 - Cannot read IP mode file for STMicroelectronics.X-CUBE-STSE01.2.0.0
2026-04-11 11:15:52,652 [WARN] PackLoader:240 - Cannot read IP mode file for STMicroelectronics.X-CUBE-SUBG2.5.0.0
2026-04-11 11:15:52,792 [WARN] PackLoader:240 - Cannot read IP mode file for STMicroelectronics.X-CUBE-AZRTOS-H7RS.1.1.0
2026-04-11 11:15:52,827 [WARN] PackLoader:240 - Cannot read IP mode file for Cesanta.I-CUBE-Mongoose.7.13.0
2026-04-11 11:15:52,882 [WARN] PackLoader:240 - Cannot read IP mode file for STMicroelectronics.X-CUBE-AZRTOS-G4.2.0.0
2026-04-11 11:15:52,905 [WARN] PackLoader:240 - Cannot read IP mode file for wolfSSL.I-CUBE-wolfSSH.1.4.20
2026-04-11 11:15:52,917 [WARN] PackLoader:240 - Cannot read IP mode file for STMicroelectronics.X-CUBE-NFC7.2.0.0
2026-04-11 11:15:52,942 [WARN] PackLoader:240 - Cannot read IP mode file for STMicroelectronics.X-CUBE-IPS.3.1.0
2026-04-11 11:15:52,958 [WARN] PackLoader:240 - Cannot read IP mode file for STMicroelectronics.X-CUBE-ALS.1.0.2
2026-04-11 11:15:52,980 [WARN] PackLoader:240 - Cannot read IP mode file for STMicroelectronics.X-CUBE-STSE01.1.0.0
2026-04-11 11:15:53,002 [WARN] PackLoader:240 - Cannot read IP mode file for STMicroelectronics.X-CUBE-TOF1.3.4.3
2026-04-11 11:15:53,016 [INFO] ThirdParty:978 - Integrity check success = true
2026-04-11 11:15:53,016 [INFO] IntegrityCheckThread:100 - exiting critical section [integrity check]
2026-04-11 11:15:53,016 [INFO] IntegrityCheckThread:103 - End integrity checks thread
2026-04-11 23:43:22,048 [INFO] Activator:176 - 


2026-04-11 23:43:22,051 [INFO] Activator:177 - !SESSION log4j initialized
2026-04-11 23:43:30,325 [INFO] LogOutputStream:77 - [STDOUT_REDIRECT] 
2026-04-11 23:43:30,785 [ERROR] LogOutputStream:75 - [STDERR_REDIRECT] 
2026-04-11 23:43:35,333 [INFO] LogOutputStream:77 - [STDOUT_REDIRECT] 
2026-04-11 23:43:37,018 [INFO] ApplicationProperties:184 - Using Application install path: /Applications/STM32CubeIDE.app/Contents/Eclipse/plugins/com.st.stm32cube.common.mx_6.15.0.202507011659
2026-04-11 23:43:37,042 [INFO] DbMcusXml:78 - Set database path to: /Applications/STM32CubeIDE.app/Contents/Eclipse/plugins/com.st.stm32cube.common.mx_6.15.0.202507011659//db//mcu/
2026-04-11 23:43:37,043 [INFO] ApiDb:274 - Set plugin database path to: /Applications/STM32CubeIDE.app/Contents/Eclipse/plugins/com.st.stm32cube.common.mx_6.15.0.202507011659//db//plugins/boardmanager/
2026-04-11 23:43:37,043 [WARN] ApiDb:259 - Overriding images path with different value:  => /Applications/STM32CubeIDE.app/Contents/Eclipse/plugins/com.st.stm32cube.common.mx_6.15.0.202507011659//db//plugins/mcufinder/images/
2026-04-11 23:43:37,054 [INFO] ApiDb:250 - Set database path to: /Users/karthikkurapati/.stmcufinder/plugins/mcufinder//mcu/
2026-04-11 23:43:37,056 [INFO] DbMcusAds:125 - Set database path to: /Users/karthikkurapati/.stmcufinder/plugins/mcufinder//mcu/
2026-04-11 23:43:37,059 [INFO] CrossReferenceDbSqlite:203 - Set database path to: /Users/karthikkurapati/.stmcufinder/plugins/mcufinder//mcu/cs/
2026-04-11 23:43:37,328 [INFO] RulesReader:64 - Compatibility file has been processed (317 Rules)
2026-04-11 23:43:37,412 [INFO] DbMcusXml:78 - Set database path to: /Applications/STM32CubeIDE.app/Contents/Eclipse/plugins/com.st.stm32cube.common.mx_6.15.0.202507011659//db//mcu/
2026-04-11 23:43:37,413 [INFO] ApiDb:274 - Set plugin database path to: /Applications/STM32CubeIDE.app/Contents/Eclipse/plugins/com.st.stm32cube.common.mx_6.15.0.202507011659//db//plugins/boardmanager/
2026-04-11 23:43:37,413 [INFO] ApiDb:261 - Set plugin images path to: /Applications/STM32CubeIDE.app/Contents/Eclipse/plugins/com.st.stm32cube.common.mx_6.15.0.202507011659//db//plugins/mcufinder/images/
2026-04-11 23:43:37,415 [WARN] DbFile:41 - Overriding database path with different value: /Users/karthikkurapati/.stmcufinder/plugins/mcufinder/ => /Users/karthikkurapati/.stmcufinder/plugins/mcufinder
2026-04-11 23:43:37,415 [INFO] ApiDb:250 - Set database path to: /Users/karthikkurapati/.stmcufinder/plugins/mcufinder//mcu/
2026-04-11 23:43:37,415 [WARN] DbFile:41 - Overriding database path with different value: /Users/karthikkurapati/.stmcufinder/plugins/mcufinder/ => /Users/karthikkurapati/.stmcufinder/plugins/mcufinder
2026-04-11 23:43:37,415 [INFO] DbMcusAds:125 - Set database path to: /Users/karthikkurapati/.stmcufinder/plugins/mcufinder//mcu/
2026-04-11 23:43:37,415 [WARN] DbFile:41 - Overriding database path with different value: /Users/karthikkurapati/.stmcufinder/plugins/mcufinder/ => /Users/karthikkurapati/.stmcufinder/plugins/mcufinder
2026-04-11 23:43:37,415 [WARN] DbFile:41 - Overriding database path with different value: /Users/karthikkurapati/.stmcufinder/plugins/mcufinder/ => /Users/karthikkurapati/.stmcufinder/plugins/mcufinder
2026-04-11 23:43:37,415 [INFO] CrossReferenceDbSqlite:203 - Set database path to: /Users/karthikkurapati/.stmcufinder/plugins/mcufinder//mcu/cs/
2026-04-11 23:43:37,521 [INFO] MainPanel:274 - HeapMemory: 324009984
2026-04-11 23:43:38,101 [INFO] DbMcusXml:78 - Set database path to: /Applications/STM32CubeIDE.app/Contents/Eclipse/plugins/com.st.stm32cube.common.mx_6.15.0.202507011659//db//mcu/
2026-04-11 23:43:38,101 [INFO] ApiDb:274 - Set plugin database path to: /Applications/STM32CubeIDE.app/Contents/Eclipse/plugins/com.st.stm32cube.common.mx_6.15.0.202507011659//db//plugins/boardmanager/
2026-04-11 23:43:38,101 [INFO] ApiDb:261 - Set plugin images path to: /Applications/STM32CubeIDE.app/Contents/Eclipse/plugins/com.st.stm32cube.common.mx_6.15.0.202507011659//db//plugins/mcufinder/images/
2026-04-11 23:43:38,102 [WARN] DbFile:41 - Overriding database path with different value: /Users/karthikkurapati/.stmcufinder/plugins/mcufinder/ => /Users/karthikkurapati/.stmcufinder/plugins/mcufinder
2026-04-11 23:43:38,102 [INFO] ApiDb:250 - Set database path to: /Users/karthikkurapati/.stmcufinder/plugins/mcufinder//mcu/
2026-04-11 23:43:38,102 [WARN] DbFile:41 - Overriding database path with different value: /Users/karthikkurapati/.stmcufinder/plugins/mcufinder/ => /Users/karthikkurapati/.stmcufinder/plugins/mcufinder
2026-04-11 23:43:38,102 [INFO] DbMcusAds:125 - Set database path to: /Users/karthikkurapati/.stmcufinder/plugins/mcufinder//mcu/
2026-04-11 23:43:38,102 [WARN] DbFile:41 - Overriding database path with different value: /Users/karthikkurapati/.stmcufinder/plugins/mcufinder/ => /Users/karthikkurapati/.stmcufinder/plugins/mcufinder
2026-04-11 23:43:38,103 [WARN] DbFile:41 - Overriding database path with different value: /Users/karthikkurapati/.stmcufinder/plugins/mcufinder/ => /Users/karthikkurapati/.stmcufinder/plugins/mcufinder
2026-04-11 23:43:38,103 [INFO] CrossReferenceDbSqlite:203 - Set database path to: /Users/karthikkurapati/.stmcufinder/plugins/mcufinder//mcu/cs/
2026-04-11 23:43:38,130 [INFO] ApplicationProperties:184 - Using Application install path: /Applications/STM32CubeIDE.app/Contents/Eclipse/plugins/com.st.stm32cube.common.mx_6.15.0.202507011659
2026-04-11 23:43:38,132 [INFO] PluginManage:196 - Search for loadable plugins [exclusion list=, ]
2026-04-11 23:43:38,134 [INFO] PluginManage:310 - Check plugin analytics
2026-04-11 23:43:38,443 [INFO] AnalyticsPlugin:253 - Accepted Software Licenses: 
2026-04-11 23:43:38,444 [INFO] AnalyticsPlugin:255 - Accepted CMSIS Pack Licenses: 
2026-04-11 23:43:38,444 [INFO] AnalyticsPlugin:257 - Accepted Firmware Licenses: FW.L4.1.18.0
2026-04-11 23:43:38,459 [INFO] PluginManage:359 - Loaded plugin analytics (category:tool,tabindex:-1)
2026-04-11 23:43:38,462 [INFO] PluginManage:310 - Check plugin cadmodel
2026-04-11 23:43:38,485 [INFO] CADModel:105 - Init CAD model plugin
2026-04-11 23:43:38,485 [INFO] PluginManage:359 - Loaded plugin cadmodel (category:power,tabindex:5)
2026-04-11 23:43:38,486 [INFO] PluginManage:310 - Check plugin clock
2026-04-11 23:43:38,504 [INFO] PluginManage:359 - Loaded plugin clock (category:base,tabindex:2)
2026-04-11 23:43:38,504 [INFO] PluginManage:310 - Check plugin ddr
2026-04-11 23:43:38,508 [INFO] PluginManage:359 - Loaded plugin ddr (category:tool,tabindex:6)
2026-04-11 23:43:38,508 [INFO] PluginManage:310 - Check plugin filemanager
2026-04-11 23:43:38,770 [INFO] PluginManage:359 - Loaded plugin filemanager (category:base,tabindex:10)
2026-04-11 23:43:38,770 [INFO] PluginManage:310 - Check plugin ipmanager
2026-04-11 23:43:38,780 [INFO] PluginManage:359 - Loaded plugin ipmanager (category:base,tabindex:5)
2026-04-11 23:43:38,781 [INFO] PluginManage:310 - Check plugin lpbam
2026-04-11 23:43:38,796 [INFO] PluginManage:359 - Loaded plugin lpbam (category:base,tabindex:0)
2026-04-11 23:43:38,797 [INFO] PluginManage:310 - Check plugin memorymap
2026-04-11 23:43:38,814 [INFO] PluginManage:359 - Loaded plugin memorymap (category:base,tabindex:4)
2026-04-11 23:43:38,815 [INFO] PluginManage:310 - Check plugin pinoutandconfiguration
2026-04-11 23:43:38,825 [INFO] PluginManage:359 - Loaded plugin pinoutandconfiguration (category:base,tabindex:1)
2026-04-11 23:43:38,826 [INFO] PluginManage:310 - Check plugin pinoutconfig
2026-04-11 23:43:38,961 [WARN] SupportedApi:132 - Cannot load RTOS API schema: s4s-elt-must-match.1: The content of 'definitions' must match (annotation?, (simpleType | complexType)?, (unique | key | keyref)*)). A problem was found starting at: attribute.
2026-04-11 23:43:39,186 [INFO] PluginManage:359 - Loaded plugin pinoutconfig (category:base,tabindex:0)
2026-04-11 23:43:39,186 [INFO] PluginManage:310 - Check plugin power
2026-04-11 23:43:39,200 [INFO] PluginManage:359 - Loaded plugin power (category:power,tabindex:4)
2026-04-11 23:43:39,201 [INFO] PluginManage:310 - Check plugin projectmanager
2026-04-11 23:43:39,237 [INFO] PluginManage:359 - Loaded plugin projectmanager (category:projectmanager,tabindex:4)
2026-04-11 23:43:39,238 [INFO] PluginManage:310 - Check plugin rif
2026-04-11 23:43:39,250 [INFO] PluginManage:359 - Loaded plugin rif (category:base,tabindex:3)
2026-04-11 23:43:39,250 [INFO] PluginManage:310 - Check plugin thirdparty
2026-04-11 23:43:39,509 [INFO] PluginManage:359 - Loaded plugin thirdparty (category:base,tabindex:-1)
2026-04-11 23:43:39,510 [INFO] PluginManage:310 - Check plugin tools
2026-04-11 23:43:39,509 [WARN] IntegrityCheckThread:84 - waiting for thirdparty lock release [integrity check]
2026-04-11 23:43:39,511 [INFO] IntegrityCheckThread:86 - entering critical section [integrity check]
2026-04-11 23:43:39,512 [INFO] ThirdPartyUpdaterWithRetryManager:70 - Updater plugin not ready yet. [1/15]
2026-04-11 23:43:39,515 [INFO] PluginManage:359 - Loaded plugin tools (category:base,tabindex:7)
2026-04-11 23:43:39,515 [INFO] PluginManage:310 - Check plugin tutovideos
2026-04-11 23:43:39,822 [INFO] PluginManage:359 - Loaded plugin tutovideos (category:base,tabindex:-1)
2026-04-11 23:43:39,822 [INFO] PluginManage:310 - Check plugin updater
2026-04-11 23:43:39,866 [INFO] PluginManage:359 - Loaded plugin updater (category:base,tabindex:12)
2026-04-11 23:43:39,867 [INFO] PluginManage:310 - Check plugin userauth
2026-04-11 23:43:39,872 [INFO] UserAuth:118 - Init User Auth plugin
2026-04-11 23:43:39,874 [INFO] PluginManage:359 - Loaded plugin userauth (category:base,tabindex:14)
2026-04-11 23:43:39,876 [INFO] PluginManage:283 - PluginManage : Loaded plugins [18]
2026-04-11 23:43:40,219 [INFO] PinOutPanel:1589 - setPackage(No Configuration,No Configuration)
2026-04-11 23:43:40,331 [INFO] CADModel:165 - CPN selected for project level
2026-04-11 23:43:40,331 [INFO] CADModel:114 - Register for checkConnection events
2026-04-11 23:43:40,350 [INFO] IPUIPlugin:80 - create IPUIPlugin
2026-04-11 23:43:40,350 [INFO] PluginManager:220 - loadIPPluginJar : add mdma
2026-04-11 23:43:40,358 [INFO] IPUIPlugin:80 - create IPUIPlugin
2026-04-11 23:43:40,359 [INFO] PluginManager:220 - loadIPPluginJar : add freertos
2026-04-11 23:43:40,365 [INFO] IPUIPlugin:80 - create IPUIPlugin
2026-04-11 23:43:40,365 [INFO] PluginManager:220 - loadIPPluginJar : add gic
2026-04-11 23:43:40,376 [INFO] IPUIPlugin:80 - create IPUIPlugin
2026-04-11 23:43:40,377 [INFO] PluginManager:220 - loadIPPluginJar : add adc
2026-04-11 23:43:40,379 [INFO] IPUIPlugin:80 - create IPUIPlugin
2026-04-11 23:43:40,379 [INFO] PluginManager:220 - loadIPPluginJar : add gtzc
2026-04-11 23:43:40,380 [INFO] IPUIPlugin:80 - create IPUIPlugin
2026-04-11 23:43:40,380 [INFO] PluginManager:220 - loadIPPluginJar : add quadspi
2026-04-11 23:43:40,383 [INFO] IPUIPlugin:80 - create IPUIPlugin
2026-04-11 23:43:40,383 [INFO] PluginManager:220 - loadIPPluginJar : add aes
2026-04-11 23:43:40,386 [INFO] IPUIPlugin:80 - create IPUIPlugin
2026-04-11 23:43:40,386 [INFO] PluginManager:220 - loadIPPluginJar : add pdm2pcm
2026-04-11 23:43:40,388 [INFO] IPUIPlugin:80 - create IPUIPlugin
2026-04-11 23:43:40,388 [INFO] PluginManager:220 - loadIPPluginJar : add hash
2026-04-11 23:43:40,390 [INFO] IPUIPlugin:80 - create IPUIPlugin
2026-04-11 23:43:40,390 [INFO] PluginManager:220 - loadIPPluginJar : add tim
2026-04-11 23:43:40,392 [INFO] IPUIPlugin:80 - create IPUIPlugin
2026-04-11 23:43:40,393 [INFO] PluginManager:220 - loadIPPluginJar : add tsc
2026-04-11 23:43:40,395 [INFO] IPUIPlugin:80 - create IPUIPlugin
2026-04-11 23:43:40,395 [INFO] PluginManager:220 - loadIPPluginJar : add extmemmanager
2026-04-11 23:43:40,398 [INFO] IPUIPlugin:80 - create IPUIPlugin
2026-04-11 23:43:40,398 [INFO] PluginManager:220 - loadIPPluginJar : add ts
2026-04-11 23:43:40,401 [INFO] IPUIPlugin:80 - create IPUIPlugin
2026-04-11 23:43:40,401 [INFO] PluginManager:220 - loadIPPluginJar : add radio
2026-04-11 23:43:40,403 [INFO] IPUIPlugin:80 - create IPUIPlugin
2026-04-11 23:43:40,403 [INFO] PluginManager:220 - loadIPPluginJar : add can
2026-04-11 23:43:40,405 [INFO] IPUIPlugin:80 - create IPUIPlugin
2026-04-11 23:43:40,406 [INFO] PluginManager:220 - loadIPPluginJar : add dma3
2026-04-11 23:43:40,407 [INFO] IPUIPlugin:80 - create IPUIPlugin
2026-04-11 23:43:40,407 [INFO] PluginManager:220 - loadIPPluginJar : add dfsdm
2026-04-11 23:43:40,409 [INFO] IPUIPlugin:80 - create IPUIPlugin
2026-04-11 23:43:40,409 [INFO] PluginManager:220 - loadIPPluginJar : add spi
2026-04-11 23:43:40,411 [INFO] IPUIPlugin:80 - create IPUIPlugin
2026-04-11 23:43:40,411 [INFO] PluginManager:220 - loadIPPluginJar : add gfxmmu
2026-04-11 23:43:40,413 [INFO] IPUIPlugin:80 - create IPUIPlugin
2026-04-11 23:43:40,414 [INFO] PluginManager:220 - loadIPPluginJar : add genericplugin
2026-04-11 23:43:40,416 [INFO] IPUIPlugin:80 - create IPUIPlugin
2026-04-11 23:43:40,416 [INFO] PluginManager:220 - loadIPPluginJar : add cryp
2026-04-11 23:43:40,421 [INFO] IPUIPlugin:80 - create IPUIPlugin
2026-04-11 23:43:40,421 [INFO] PluginManager:220 - loadIPPluginJar : add gpio
2026-04-11 23:43:40,424 [INFO] IPUIPlugin:80 - create IPUIPlugin
2026-04-11 23:43:40,424 [INFO] PluginManager:220 - loadIPPluginJar : add ddr_ctrl_phy
2026-04-11 23:43:40,428 [INFO] IPUIPlugin:80 - create IPUIPlugin
2026-04-11 23:43:40,428 [INFO] PluginManager:220 - loadIPPluginJar : add comp
2026-04-11 23:43:40,434 [INFO] IPUIPlugin:80 - create IPUIPlugin
2026-04-11 23:43:40,437 [INFO] PluginManager:220 - loadIPPluginJar : add tracer_emb
2026-04-11 23:43:40,441 [INFO] IPUIPlugin:80 - create IPUIPlugin
2026-04-11 23:43:40,441 [INFO] PluginManager:220 - loadIPPluginJar : add openamp
2026-04-11 23:43:40,447 [INFO] IPUIPlugin:80 - create IPUIPlugin
2026-04-11 23:43:40,447 [INFO] PluginManager:220 - loadIPPluginJar : add stm32_wpan
2026-04-11 23:43:40,452 [INFO] IPUIPlugin:80 - create IPUIPlugin
2026-04-11 23:43:40,455 [INFO] PluginManager:220 - loadIPPluginJar : add plateformsettings
2026-04-11 23:43:40,460 [INFO] IPUIPlugin:80 - create IPUIPlugin
2026-04-11 23:43:40,460 [INFO] PluginManager:220 - loadIPPluginJar : add ipddr
2026-04-11 23:43:40,464 [INFO] IPUIPlugin:80 - create IPUIPlugin
2026-04-11 23:43:40,464 [INFO] PluginManager:220 - loadIPPluginJar : add usart
2026-04-11 23:43:40,465 [INFO] IPUIPlugin:80 - create IPUIPlugin
2026-04-11 23:43:40,465 [INFO] PluginManager:220 - loadIPPluginJar : add ltdc
2026-04-11 23:43:40,469 [INFO] IPUIPlugin:80 - create IPUIPlugin
2026-04-11 23:43:40,469 [INFO] PluginManager:220 - loadIPPluginJar : add nvic
2026-04-11 23:43:40,470 [INFO] IPUIPlugin:80 - create IPUIPlugin
2026-04-11 23:43:40,471 [INFO] PluginManager:220 - loadIPPluginJar : add fatfs
2026-04-11 23:43:40,478 [INFO] IPUIPlugin:80 - create IPUIPlugin
2026-04-11 23:43:40,478 [INFO] PluginManager:220 - loadIPPluginJar : add linkedlist
2026-04-11 23:43:40,484 [INFO] IPUIPlugin:80 - create IPUIPlugin
2026-04-11 23:43:40,485 [INFO] PluginManager:220 - loadIPPluginJar : add dma
2026-04-11 23:43:40,489 [INFO] IPUIPlugin:80 - create IPUIPlugin
2026-04-11 23:43:40,489 [INFO] PluginManager:220 - loadIPPluginJar : add fmc
2026-04-11 23:43:40,491 [INFO] IPUIPlugin:80 - create IPUIPlugin
2026-04-11 23:43:40,492 [INFO] PluginManager:220 - loadIPPluginJar : add i2s
2026-04-11 23:43:40,493 [INFO] IPUIPlugin:80 - create IPUIPlugin
2026-04-11 23:43:40,494 [INFO] PluginManager:220 - loadIPPluginJar : add ucpd
2026-04-11 23:43:40,496 [INFO] IPUIPlugin:80 - create IPUIPlugin
2026-04-11 23:43:40,496 [INFO] PluginManager:220 - loadIPPluginJar : add lorawan
2026-04-11 23:43:40,499 [INFO] IPUIPlugin:80 - create IPUIPlugin
2026-04-11 23:43:40,500 [INFO] PluginManager:220 - loadIPPluginJar : add opamp
2026-04-11 23:43:40,502 [INFO] IPUIPlugin:80 - create IPUIPlugin
2026-04-11 23:43:40,502 [INFO] PluginManager:220 - loadIPPluginJar : add i3c
2026-04-11 23:43:40,505 [INFO] IPUIPlugin:80 - create IPUIPlugin
2026-04-11 23:43:40,505 [INFO] PluginManager:220 - loadIPPluginJar : add touchsensing
2026-04-11 23:43:40,508 [INFO] IPUIPlugin:80 - create IPUIPlugin
2026-04-11 23:43:40,508 [INFO] PluginManager:220 - loadIPPluginJar : add i2c
2026-04-11 23:43:40,512 [INFO] IPUIPlugin:80 - create IPUIPlugin
2026-04-11 23:43:40,512 [INFO] PluginManager:220 - loadIPPluginJar : add resmgrutility
2026-04-11 23:43:40,515 [INFO] IPUIPlugin:80 - create IPUIPlugin
2026-04-11 23:43:40,516 [INFO] PluginManager:220 - loadIPPluginJar : add sai
2026-04-11 23:43:40,519 [INFO] IPUIPlugin:80 - create IPUIPlugin
2026-04-11 23:43:40,519 [INFO] PluginManager:220 - loadIPPluginJar : add usbx
2026-04-11 23:43:40,689 [FATAL] Updater:351 - Updater called before beeing initialized
2026-04-11 23:43:40,902 [INFO] RulesReader:64 - Compatibility file has been processed (317 Rules)
2026-04-11 23:43:40,923 [INFO] RulesReader:64 - Compatibility file has been processed (317 Rules)
2026-04-11 23:43:40,939 [INFO] CADModel:165 - CPN selected for project level
2026-04-11 23:43:40,940 [INFO] CADModel:114 - Register for checkConnection events
2026-04-11 23:43:40,940 [FATAL] Updater:351 - Updater called before beeing initialized
2026-04-11 23:43:40,940 [ERROR] CADModel:125 - Updater not yet initialized, retry later 
2026-04-11 23:43:41,761 [FATAL] Updater:351 - Updater called before beeing initialized
2026-04-11 23:43:41,777 [INFO] CADModel:165 - CPN selected for project level
2026-04-11 23:43:41,779 [INFO] CADModel:114 - Register for checkConnection events
2026-04-11 23:43:41,779 [FATAL] Updater:351 - Updater called before beeing initialized
2026-04-11 23:43:41,779 [ERROR] CADModel:125 - Updater not yet initialized, retry later 
2026-04-11 23:43:41,787 [FATAL] Updater:351 - Updater called before beeing initialized
2026-04-11 23:43:42,205 [FATAL] Updater:351 - Updater called before beeing initialized
2026-04-11 23:43:42,227 [INFO] DbMcusAds:53 - JSON generation date=Fri Apr 10 04:19:02 CDT 2026 (1775812742261)
2026-04-11 23:43:42,230 [FATAL] Updater:351 - Updater called before beeing initialized
2026-04-11 23:43:42,324 [WARN] DetailPanel:346 - Failed to get advertising image, set to default
2026-04-11 23:43:42,452 [FATAL] Updater:351 - Updater called before beeing initialized
2026-04-11 23:43:42,458 [FATAL] Updater:351 - Updater called before beeing initialized
2026-04-11 23:43:42,459 [FATAL] Updater:351 - Updater called before beeing initialized
2026-04-11 23:43:42,460 [WARN] DetailPanel:346 - Failed to get advertising image, set to default
2026-04-11 23:43:42,463 [FATAL] Updater:351 - Updater called before beeing initialized
2026-04-11 23:43:42,519 [INFO] ThirdPartyUpdaterWithRetryManager:70 - Updater plugin not ready yet. [2/15]
2026-04-11 23:43:42,583 [ERROR] Updater:1198 - MainUpdater not yet initialized. External WinMGr cannot be set.
2026-04-11 23:43:42,601 [INFO] Updater:1134 - Updater Version found : 6.15.0
2026-04-11 23:43:42,626 [INFO] ApplicationProperties:184 - Using Application install path: /Applications/STM32CubeIDE.app/Contents/Eclipse/plugins/com.st.stm32cube.common.mx_6.15.0.202507011659
2026-04-11 23:43:43,215 [INFO] MainUpdater:2872 - connection check result : 10
2026-04-11 23:43:43,217 [INFO] MainUpdater:289 - Updater Check For Update Now.
2026-04-11 23:43:43,217 [INFO] MicroXplorer:498 - Change Database Version : DB.6.0.150
2026-04-11 23:43:43,235 [INFO] McuFinderGlobals:63 - Set McuFinder mode to 2 (CubeIDE integrated)
2026-04-11 23:43:43,238 [INFO] UserAuth:487 - Internet connection configuration mode: 1
2026-04-11 23:43:43,270 [INFO] JxBrowserEngine:152 - Initiate JxBrowser Engine with user profile folder
2026-04-11 23:43:43,612 [INFO] CheckServerUpdateThread:120 - End of CheckServer Thread
2026-04-11 23:43:46,339 [WARN] PackLoader:240 - Cannot read IP mode file for STMicroelectronics.X-CUBE-AZRTOS-H7.3.5.0
2026-04-11 23:43:46,561 [WARN] PackLoader:240 - Cannot read IP mode file for STMicroelectronics.FP-SNS-MOTENVWB1.1.4.0
2026-04-11 23:43:46,604 [WARN] PackLoader:240 - Cannot read IP mode file for STMicroelectronics.FP-ATR-ASTRA1.2.0.2
2026-04-11 23:43:46,641 [WARN] PackLoader:240 - Cannot read IP mode file for STMicroelectronics.X-CUBE-SMBUS.2.1.0
2026-04-11 23:43:46,686 [WARN] PackLoader:240 - Cannot read IP mode file for STMicroelectronics.X-CUBE-ST60.1.0.0
2026-04-11 23:43:46,797 [WARN] PackLoader:240 - Cannot read IP mode file for STMicroelectronics.X-CUBE-AZRTOS-F7.1.1.0
2026-04-11 23:43:46,851 [WARN] PackLoader:240 - Cannot read IP mode file for STMicroelectronics.FP-SNS-MOTENV1.5.1.0
2026-04-11 23:43:46,937 [WARN] PackLoader:240 - Cannot read IP mode file for WES.I-CUBE-Cesium.1.4.0
2026-04-11 23:43:47,107 [WARN] PackLoader:240 - Cannot read IP mode file for Infineon.AIROC-Wi-Fi-Bluetooth-STM32.1.7.1
2026-04-11 23:43:47,352 [WARN] PackLoader:240 - Cannot read IP mode file for STMicroelectronics.X-CUBE-AZRTOS-H7.3.4.0
2026-04-11 23:43:47,459 [WARN] PackLoader:240 - Cannot read IP mode file for STMicroelectronics.X-CUBE-DISPLAY.3.0.0
2026-04-11 23:43:47,476 [WARN] PackLoader:240 - Cannot read IP mode file for STMicroelectronics.FP-SNS-MOTENVWB1.1.5.0
2026-04-11 23:43:47,502 [WARN] PackLoader:240 - Cannot read IP mode file for STMicroelectronics.X-CUBE-NFC10.1.0.0
2026-04-11 23:43:47,556 [WARN] PackLoader:240 - Cannot read IP mode file for STMicroelectronics.X-CUBE-ST60.1.1.0
2026-04-11 23:43:47,591 [WARN] PackLoader:240 - Cannot read IP mode file for emotas.I-CUBE-CANOPEN.1.3.0
2026-04-11 23:43:47,618 [WARN] PackLoader:240 - Cannot read IP mode file for STMicroelectronics.X-CUBE-GNSS1.7.1.0
2026-04-11 23:43:47,644 [WARN] PackLoader:240 - Cannot read IP mode file for STMicroelectronics.FP-SNS-STBOX1.2.1.0
2026-04-11 23:43:47,661 [WARN] PackLoader:240 - Cannot read IP mode file for STMicroelectronics.FP-SNS-SMARTAG2.1.2.0
2026-04-11 23:43:47,672 [WARN] PackLoader:240 - Cannot read IP mode file for STMicroelectronics.FP-SNS-FLIGHT1.5.1.0
2026-04-11 23:43:47,697 [INFO] LogOutputStream:77 - [STDOUT_REDIRECT] 1 : Invalid condition id : UX_CORESTACK_Condition cause : null
2026-04-11 23:43:47,699 [INFO] LogOutputStream:77 - [STDOUT_REDIRECT] 1 : Invalid condition id : UX_CORESTACK_Condition cause : null
2026-04-11 23:43:47,700 [INFO] LogOutputStream:77 - [STDOUT_REDIRECT] 1 : Invalid condition id : UX_CORESTACK_Condition cause : null
2026-04-11 23:43:47,700 [INFO] LogOutputStream:77 - [STDOUT_REDIRECT] 1 : Invalid condition id : UX_CORESTACK_Condition cause : null
2026-04-11 23:43:47,700 [INFO] LogOutputStream:77 - [STDOUT_REDIRECT] 1 : Invalid condition id : UX_CORESTACK_Condition cause : null
2026-04-11 23:43:47,712 [WARN] PackLoader:240 - Cannot read IP mode file for STMicroelectronics.X-CUBE-AZRTOS-WL.2.0.0
2026-04-11 23:43:47,723 [WARN] PackLoader:240 - Cannot read IP mode file for STMicroelectronics.FP-SNS-MOTENV1.5.0.0
2026-04-11 23:43:47,785 [WARN] PackLoader:240 - Cannot read IP mode file for STMicroelectronics.X-CUBE-AZRTOS-H7RS.1.2.0
2026-04-11 23:43:47,807 [WARN] PackLoader:240 - Cannot read IP mode file for STMicroelectronics.X-CUBE-BLE2.3.3.0
2026-04-11 23:43:47,886 [WARN] PackLoader:240 - Cannot read IP mode file for STMicroelectronics.X-CUBE-NFC9.1.0.0
2026-04-11 23:43:47,896 [WARN] PackLoader:240 - Cannot read IP mode file for wolfSSL.I-CUBE-wolfSSL.5.8.2
2026-04-11 23:43:47,912 [WARN] PackLoader:240 - Cannot read IP mode file for STMicroelectronics.X-CUBE-BLE1.7.1.0
2026-04-11 23:43:47,918 [WARN] PackLoader:240 - Cannot read IP mode file for wolfSSL.I-CUBE-wolfMQTT.1.19.2
2026-04-11 23:43:47,938 [WARN] PackLoader:240 - Cannot read IP mode file for STMicroelectronics.X-CUBE-FREERTOS.1.4.0
2026-04-11 23:43:47,976 [WARN] PackLoader:240 - Cannot read IP mode file for STMicroelectronics.X-CUBE-EEPRMA1.5.2.0
2026-04-11 23:43:47,994 [WARN] PackLoader:240 - Cannot read IP mode file for STMicroelectronics.X-CUBE-ST67W61.1.1.0
2026-04-11 23:43:48,158 [WARN] PackLoader:240 - Cannot read IP mode file for STMicroelectronics.X-CUBE-MEMS1.12.0.0
2026-04-11 23:43:48,374 [WARN] PackLoader:240 - Cannot read IP mode file for STMicroelectronics.X-CUBE-AZRTOS-G0.1.1.0
2026-04-11 23:43:48,413 [WARN] PackLoader:240 - Cannot read IP mode file for STMicroelectronics.X-CUBE-SAFEA1.1.2.2
2026-04-11 23:43:48,454 [WARN] PackLoader:240 - Cannot read IP mode file for STMicroelectronics.X-CUBE-NFC4.3.0.0
2026-04-11 23:43:48,504 [WARN] PackLoader:240 - Cannot read IP mode file for EmbeddedOffice.I-CUBE-FS-RTOS.1.0.1
2026-04-11 23:43:48,535 [WARN] PackLoader:240 - Cannot read IP mode file for STMicroelectronics.X-CUBE-WB05N.2.0.0
2026-04-11 23:43:48,629 [WARN] PackLoader:240 - Cannot read IP mode file for wolfSSL.I-CUBE-wolfTPM.3.8.0
2026-04-11 23:43:48,665 [WARN] PackLoader:240 - Cannot read IP mode file for STMicroelectronics.X-CUBE-TCPP.4.2.0
2026-04-11 23:43:48,693 [WARN] PackLoader:240 - Cannot read IP mode file for RealThread.X-CUBE-RT-Thread_Nano.4.1.1
2026-04-11 23:43:48,744 [WARN] PackLoader:240 - Cannot read IP mode file for STMicroelectronics.FP-ATR-SIGFOX1.3.2.0
2026-04-11 23:43:48,772 [WARN] PackLoader:240 - Cannot read IP mode file for STMicroelectronics.X-CUBE-FREERTOS.1.5.0
2026-04-11 23:43:48,798 [WARN] PackLoader:240 - Cannot read IP mode file for ITTIA_DB.I-CUBE-ITTIADB.8.9.0
2026-04-11 23:43:48,853 [WARN] PackLoader:240 - Cannot read IP mode file for STMicroelectronics.X-CUBE-NFC6.3.2.0
2026-04-11 23:43:48,966 [WARN] PackLoader:240 - Cannot read IP mode file for STMicroelectronics.X-CUBE-ST67W61.1.0.0
2026-04-11 23:43:48,999 [WARN] PackLoader:240 - Cannot read IP mode file for STMicroelectronics.X-CUBE-AI.10.2.0
2026-04-11 23:43:49,155 [WARN] PackLoader:240 - Cannot read IP mode file for SEGGER.I-CUBE-embOS.1.3.1
2026-04-11 23:43:49,239 [WARN] PackLoader:240 - Cannot read IP mode file for STMicroelectronics.X-CUBE-ALGOBUILD.1.4.0
2026-04-11 23:43:49,988 [WARN] PackLoader:240 - Cannot read IP mode file for STMicroelectronics.X-CUBE-MEMS1.11.3.0
2026-04-11 23:43:50,184 [INFO] WebApp:169 - Instantiating new browser for Auth
2026-04-11 23:43:50,558 [WARN] PackLoader:240 - Cannot read IP mode file for STMicroelectronics.X-CUBE-PM33A1.1.0.0
2026-04-11 23:43:50,635 [WARN] PackLoader:240 - Cannot read IP mode file for STMicroelectronics.X-CUBE-AZRTOS-F4.1.1.0
2026-04-11 23:43:50,656 [WARN] PackLoader:240 - Cannot read IP mode file for Avnet-IotConnect.X-CUBE-IoTC-DA16k-PMOD.1.0.0
2026-04-11 23:43:50,667 [WARN] PackLoader:240 - Cannot read IP mode file for STMicroelectronics.X-CUBE-ISPU.2.1.0
2026-04-11 23:43:50,696 [WARN] PackLoader:240 - Cannot read IP mode file for STMicroelectronics.X-CUBE-IPS.3.2.0
2026-04-11 23:43:50,717 [WARN] PackLoader:240 - Cannot read IP mode file for STMicroelectronics.eDS-WB_DPC_TT-BIDIR.2.1.1
2026-04-11 23:43:50,732 [WARN] PackLoader:240 - Cannot read IP mode file for STMicroelectronics.X-CUBE-NFC12.1.0.0
2026-04-11 23:43:50,777 [WARN] PackLoader:240 - Cannot read IP mode file for STMicroelectronics.X-CUBE-AZRTOS-L5.2.0.0
2026-04-11 23:43:50,802 [WARN] PackLoader:240 - Cannot read IP mode file for STMicroelectronics.X-CUBE-NFC6.3.1.0
2026-04-11 23:43:50,811 [WARN] PackLoader:240 - Cannot read IP mode file for STMicroelectronics.eDS-WB_DPC_VIENNA.1.2.0
2026-04-11 23:43:50,815 [WARN] PackLoader:240 - Cannot read IP mode file for STMicroelectronics.eDS-WB_DPC_3PH2L-BIDIR.1.1.1
2026-04-11 23:43:50,832 [WARN] PackLoader:240 - Cannot read IP mode file for STMicroelectronics.X-CUBE-FREERTOS.1.3.1
2026-04-11 23:43:50,860 [WARN] PackLoader:240 - Cannot read IP mode file for STMicroelectronics.X-CUBE-TOUCHGFX.4.26.0
2026-04-11 23:43:50,864 [WARN] PackLoader:240 - Cannot read IP mode file for STMicroelectronics.X-CUBE-TOUCHGFX.4.26.1
2026-04-11 23:43:50,880 [WARN] PackLoader:240 - Cannot read IP mode file for STMicroelectronics.FP-SNS-STAIOTCFT.1.0.0
2026-04-11 23:43:50,918 [WARN] PackLoader:240 - Cannot read IP mode file for STMicroelectronics.X-CUBE-DPower.1.3.0
2026-04-11 23:43:51,006 [WARN] ConditionMgr:438 - getConditionDescription Invalid condition id : LAN8742 Phy interface Condition cause : null
2026-04-11 23:43:51,013 [WARN] PackLoader:240 - Cannot read IP mode file for STMicroelectronics.X-CUBE-AZRTOS-L4.2.0.0
2026-04-11 23:43:51,020 [WARN] ConditionMgr:1044 - genDependencies : Invalid condition id : LAN8742 Phy interface Condition cause : null
2026-04-11 23:43:51,022 [WARN] ConditionMgr:1044 - genDependencies : Invalid condition id : LAN8742 Phy interface Condition cause : null
2026-04-11 23:43:51,027 [WARN] ConditionMgr:1044 - genDependencies : Invalid condition id : LAN8742 Phy interface Condition cause : null
2026-04-11 23:43:51,051 [WARN] PackLoader:240 - Cannot read IP mode file for STMicroelectronics.X-CUBE-SFXS2LP1.4.0.0
2026-04-11 23:43:51,068 [WARN] PackLoader:240 - Cannot read IP mode file for STMicroelectronics.X-CUBE-WB05N.2.1.0
2026-04-11 23:43:51,084 [WARN] PackLoader:240 - Cannot read IP mode file for STMicroelectronics.X-CUBE-ST67W61.1.2.0
2026-04-11 23:43:51,123 [WARN] PackLoader:240 - Cannot read IP mode file for STMicroelectronics.X-CUBE-BLEMGR.4.1.0
2026-04-11 23:43:51,159 [WARN] ConditionMgr:438 - getConditionDescription Invalid condition id : UX DEVICE CLASS RTOS Condition cause : null
2026-04-11 23:43:51,159 [WARN] ConditionMgr:438 - getConditionDescription Invalid condition id : UX DEVICE CLASS RTOS Condition cause : null
2026-04-11 23:43:51,167 [WARN] PackLoader:240 - Cannot read IP mode file for STMicroelectronics.X-CUBE-AZRTOS-WB.2.0.0
2026-04-11 23:43:51,170 [WARN] ConditionMgr:1044 - genDependencies : Invalid condition id : UX DEVICE CLASS RTOS Condition cause : null
2026-04-11 23:43:51,170 [WARN] ConditionMgr:1044 - genDependencies : Invalid condition id : UX DEVICE CLASS RTOS Condition cause : null
2026-04-11 23:43:51,171 [WARN] ConditionMgr:1044 - genDependencies : Invalid condition id : UX DEVICE CLASS RTOS Condition cause : null
2026-04-11 23:43:51,173 [WARN] ConditionMgr:1044 - genDependencies : Invalid condition id : UX DEVICE CLASS RTOS Condition cause : null
2026-04-11 23:43:51,173 [WARN] ConditionMgr:1044 - genDependencies : Invalid condition id : UX DEVICE CLASS RTOS Condition cause : null
2026-04-11 23:43:51,186 [WARN] PackLoader:240 - Cannot read IP mode file for STMicroelectronics.X-CUBE-GNSS1.7.0.1
2026-04-11 23:43:51,197 [WARN] PackLoader:240 - Cannot read IP mode file for STMicroelectronics.X-CUBE-TOUCHGFX.4.25.0
2026-04-11 23:43:51,203 [WARN] ConditionMgr:438 - getConditionDescription Invalid condition id : Cortex-A Device cause : null
2026-04-11 23:43:51,289 [WARN] ConditionMgr:1044 - genDependencies : Invalid condition id : Cortex-A Device cause : null
2026-04-11 23:43:51,290 [WARN] ConditionMgr:1044 - genDependencies : Invalid condition id : Cortex-A Device cause : null
2026-04-11 23:43:51,290 [WARN] ConditionMgr:1044 - genDependencies : Invalid condition id : Cortex-A Device cause : null
2026-04-11 23:43:51,316 [WARN] PackLoader:240 - Cannot read IP mode file for STMicroelectronics.X-CUBE-STSE01.2.0.0
2026-04-11 23:43:51,341 [WARN] PackLoader:240 - Cannot read IP mode file for STMicroelectronics.X-CUBE-SUBG2.5.0.0
2026-04-11 23:43:51,393 [WARN] PackLoader:240 - Cannot read IP mode file for STMicroelectronics.X-CUBE-AZRTOS-H7RS.1.1.0
2026-04-11 23:43:51,410 [WARN] PackLoader:240 - Cannot read IP mode file for Cesanta.I-CUBE-Mongoose.7.13.0
2026-04-11 23:43:51,439 [WARN] PackLoader:240 - Cannot read IP mode file for STMicroelectronics.X-CUBE-AZRTOS-G4.2.0.0
2026-04-11 23:43:51,449 [WARN] PackLoader:240 - Cannot read IP mode file for wolfSSL.I-CUBE-wolfSSH.1.4.20
2026-04-11 23:43:51,459 [WARN] PackLoader:240 - Cannot read IP mode file for STMicroelectronics.X-CUBE-NFC7.2.0.0
2026-04-11 23:43:51,483 [WARN] PackLoader:240 - Cannot read IP mode file for STMicroelectronics.X-CUBE-IPS.3.1.0
2026-04-11 23:43:51,500 [WARN] PackLoader:240 - Cannot read IP mode file for STMicroelectronics.X-CUBE-ALS.1.0.2
2026-04-11 23:43:51,515 [WARN] PackLoader:240 - Cannot read IP mode file for STMicroelectronics.X-CUBE-STSE01.1.0.0
2026-04-11 23:43:51,565 [WARN] PackLoader:240 - Cannot read IP mode file for STMicroelectronics.X-CUBE-TOF1.3.4.3
2026-04-11 23:43:51,614 [INFO] ThirdParty:978 - Integrity check success = true
2026-04-11 23:43:51,615 [INFO] IntegrityCheckThread:100 - exiting critical section [integrity check]
2026-04-11 23:43:51,615 [INFO] IntegrityCheckThread:103 - End integrity checks thread
2026-04-11 23:43:53,103 [INFO] WebApp:463 - Apply proxy settings
2026-04-11 23:43:53,129 [INFO] WebApp:508 - Chromium authenticates against Manually configured proxy
2026-04-11 23:43:53,151 [INFO] WebApp:516 - Username used for proxy authentication: 
2026-04-11 23:43:53,224 [INFO] WebApp:900 - Register for checkConnection events
2026-04-11 23:43:53,225 [INFO] WebApp:463 - Apply proxy settings
2026-04-11 23:43:53,232 [INFO] WebApp:508 - Chromium authenticates against Manually configured proxy
2026-04-11 23:43:53,232 [INFO] WebApp:516 - Username used for proxy authentication: 
2026-04-11 23:43:53,576 [INFO] WebApp:225 - Starting web application
2026-04-11 23:43:53,576 [INFO] WebApp:593 - Web application path used /Applications/STM32CubeIDE.app/Contents/Eclipse/plugins/com.st.stm32cube.common.mx_6.15.0.202507011659/db/plugins/mcufinder/reactClient1/index.html
2026-04-11 23:43:54,069 [INFO] WebApp:191 - Connection restablished
2026-04-11 23:43:54,880 [INFO] UserAuth:487 - Internet connection configuration mode: 1
